                                   MODFLOW 6
                U.S. GEOLOGICAL SURVEY MODULAR HYDROLOGIC MODEL
                          GROUNDWATER FLOW MODEL (GWF)
                            VERSION 6.2.2 07/30/2021

   MODFLOW 6 compiled Jul 31 2021 14:59:11 with IFORT compiler (ver. 20.21.2)

This software has been approved for release by the U.S. Geological 
Survey (USGS). Although the software has been subjected to rigorous 
review, the USGS reserves the right to update the software as needed 
pursuant to further analysis and review. No warranty, expressed or 
implied, is made by the USGS or the U.S. Government as to the 
functionality of the software and related material nor shall the 
fact of release constitute any such warranty. Furthermore, the 
software is released on condition that neither the USGS nor the U.S. 
Government shall be held liable for any damages resulting from its 
authorized or unauthorized use. Also refer to the USGS Water 
Resources Software User Rights Notice for complete use, copyright, 
and distribution information.


System command used to initiate simulation:
D:\Miniconda3\envs\geopy38\python.exe "C:\Program Files\JetBrains\PyCharm Community Edition 2021.1.1\plugins\python-ce\helpers\pydev\pydevconsole.py" --mode=client --port=55769

MODFLOW was compiled using uniform precision.

Real Variables
  KIND: 8
  TINY (smallest non-zero value):    2.225074-308
  HUGE (largest value):    1.797693+308
  PRECISION: 15
  BIT SIZE: 64

Integer Variables
  KIND: 4
  HUGE (largest value): 2147483647
  BIT SIZE: 32

Long Integer Variables
  KIND: 8
  HUGE (largest value): 9223372036854775807
  BIT SIZE: 64

Logical Variables
  KIND: 4
  BIT SIZE: 32
 

 OPENED GWF_2D_SS.dis
 FILE TYPE:DIS6                   UNIT 1006   STATUS:OLD                 
 FORMAT:FORMATTED              ACCESS:SEQUENTIAL          
 ACTION:READ                


 OPENED GWF_2D_SS.ic
 FILE TYPE:IC6                    UNIT 1007   STATUS:OLD                 
 FORMAT:FORMATTED              ACCESS:SEQUENTIAL          
 ACTION:READ                


 OPENED GWF_2D_SS.sto
 FILE TYPE:STO6                   UNIT 1008   STATUS:OLD                 
 FORMAT:FORMATTED              ACCESS:SEQUENTIAL          
 ACTION:READ                


 OPENED GWF_2D_SS.chd
 FILE TYPE:CHD6                   UNIT 1009   STATUS:OLD                 
 FORMAT:FORMATTED              ACCESS:SEQUENTIAL          
 ACTION:READ                


 OPENED GWF_2D_SS.wel
 FILE TYPE:WEL6                   UNIT 1010   STATUS:OLD                 
 FORMAT:FORMATTED              ACCESS:SEQUENTIAL          
 ACTION:READ                


 OPENED GWF_2D_SS.oc
 FILE TYPE:OC6                    UNIT 1011   STATUS:OLD                 
 FORMAT:FORMATTED              ACCESS:SEQUENTIAL          
 ACTION:READ                


 OPENED GWF_2D_SS.npf
 FILE TYPE:NPF6                   UNIT 1012   STATUS:OLD                 
 FORMAT:FORMATTED              ACCESS:SEQUENTIAL          
 ACTION:READ                

 NAMEFILE OPTIONS:
    FLOWS WILL BE SAVED TO BUDGET FILE SPECIFIED IN OUTPUT CONTROL
    NEWTON-RAPHSON method enabled for the model.
    NEWTON-RAPHSON UNDER-RELAXATION based on the bottom elevation of the model will be applied to the model.

 DIS -- STRUCTURED GRID DISCRETIZATION PACKAGE, VERSION 2 : 3/27/2014 - INPUT READ FROM UNIT 1006


 # File generated by Flopy version 3.3.4 on 05/23/2022 at 17:06:54.
 PROCESSING DISCRETIZATION OPTIONS
 END OF DISCRETIZATION OPTIONS
 MODEL LENGTH UNIT IS UNDEFINED
 PROCESSING DISCRETIZATION DIMENSIONS
    NLAY =       1
    NROW =      11
    NCOL =      11
 END OF DISCRETIZATION DIMENSIONS
 PROCESSING GRIDDATA

                     DELR =   10.00000    

                     DELC =   10.00000    

 TOP ELEVATION OF LAYER 1 =   0.000000    

   MODEL LAYER BOTTOM EL. =  -1.000000    
 END PROCESSING GRIDDATA

 NPF -- NODE PROPERTY FLOW PACKAGE, VERSION 1, 3/30/2015 INPUT READ FROM UNIT 1012


 # File generated by Flopy version 3.3.4 on 05/23/2022 at 17:06:54.
 PROCESSING NPF OPTIONS
 END OF NPF OPTIONS

 WEL   -- WEL PACKAGE, VERSION 8, 2/22/2014 INPUT READ FROM UNIT 1010
 # File generated by Flopy version 3.3.4 on 05/23/2022 at 17:06:54.

 PROCESSING WEL OPTIONS
 END OF WEL OPTIONS

 PROCESSING WEL DIMENSIONS
    MAXBOUND =       1
 END OF WEL DIMENSIONS

 CHD   -- CHD PACKAGE, VERSION 8, 2/22/2014 INPUT READ FROM UNIT 1009
 # File generated by Flopy version 3.3.4 on 05/23/2022 at 17:06:54.

 PROCESSING CHD OPTIONS
 END OF CHD OPTIONS

 PROCESSING CHD DIMENSIONS
    MAXBOUND =      40
 END OF CHD DIMENSIONS

 IC -- INITIAL CONDITIONS PACKAGE, VERSION 8, 3/28/2015 INPUT READ FROM UNIT 1007
 # File generated by Flopy version 3.3.4 on 05/23/2022 at 17:06:54.
 PROCESSING GRIDDATA
 END PROCESSING GRIDDATA
 PROCESSING GRIDDATA

                ICELLTYPE = 1
 K33 not provided.  Assuming K33 = K.
 K22 not provided.  Assuming K22 = K.
 END PROCESSING GRIDDATA

 STO -- STORAGE PACKAGE, VERSION 1, 5/19/2014 INPUT READ FROM UNIT 1008


 # File generated by Flopy version 3.3.4 on 05/23/2022 at 17:06:54.
 PROCESSING STORAGE OPTIONS
 END OF STORAGE OPTIONS
 PROCESSING GRIDDATA

                 ICONVERT = 0

         SPECIFIC STORAGE =  0.1000000E-04

           SPECIFIC YIELD =  0.1500000    
 END PROCESSING GRIDDATA
    BINARY GRID INFORMATION WILL BE WRITTEN TO:
      UNIT NUMBER: 1014
      FILE NAME: D:\WORK\INTERA\Adjoint-Method\MF6-ADJ\Python\Clean\test_API_2Dss_average_head\GWF_2D_SS.dis.grb

 OPENED D:\WORK\INTERA\Adjoint-Method\MF6-ADJ\Python\Clean\test_API_2Dss_average_head\GWF_2D_SS.dis.grb
 FILE TYPE:DATA(BINARY)   UNIT 1014   STATUS:REPLACE             
 FORMAT:UNFORMATTED            ACCESS:STREAM              
 ACTION:READWRITE           

      THE LAST TIME STEP WILL BE PRINTED
      THE LAST TIME STEP WILL BE PRINTED
 # File generated by Flopy version 3.3.4 on 05/23/2022 at 17:06:54.

 PROCESSING OC OPTIONS

    BUDGET INFORMATION WILL BE WRITTEN TO:
      UNIT NUMBER: 1015
      FILE NAME: GWF_2D_SS.cbb

 OPENED GWF_2D_SS.cbb
 FILE TYPE:DATA(BINARY)   UNIT 1015   STATUS:REPLACE             
 FORMAT:UNFORMATTED            ACCESS:STREAM              
 ACTION:READWRITE           

    HEAD INFORMATION WILL BE WRITTEN TO:
      UNIT NUMBER: 1016
      FILE NAME: GWF_2D_SS.hds

 OPENED GWF_2D_SS.hds
 FILE TYPE:DATA(BINARY)   UNIT 1016   STATUS:REPLACE             
 FORMAT:UNFORMATTED            ACCESS:STREAM              
 ACTION:READWRITE           

 END OF OC OPTIONS

start timestep kper="1" kstp="1" mode="normal"


 BEGIN READING OUTPUT CONTROL FOR STRESS PERIOD 1
      ALL TIME STEPS WILL BE SAVED
      ALL TIME STEPS WILL BE SAVED
      ALL TIME STEPS WILL BE PRINTED

 END READING OUTPUT CONTROL FOR STRESS PERIOD 1


 STRESS PERIOD 1 IS TRANSIENT

 UBDSV1 SAVING           STO-SS ON UNIT   1015 AT TIME STEP      1, STRESS PERIOD      1
 UBDSV1 SAVING     FLOW-JA-FACE ON UNIT   1015 AT TIME STEP      1, STRESS PERIOD      1
 UBDSV06 SAVING              WEL IN MODEL GWF_2D_SS        PACKAGE GWF_2D_SS       CONNECTED TO MODEL GWF_2D_SS        PACKAGE WEL_0            ON UNIT   1015 AT TIME STEP      1, STRESS PERIOD      1
 UBDSV06 SAVING              CHD IN MODEL GWF_2D_SS        PACKAGE GWF_2D_SS       CONNECTED TO MODEL GWF_2D_SS        PACKAGE CHD_0            ON UNIT   1015 AT TIME STEP      1, STRESS PERIOD      1
1
  HEAD IN LAYER   1 AT END OF TIME STEP   1 IN STRESS PERIOD    1
  ---------------------------------------------------------------------------

            1           2           3           4           5           6           7           8           9          10
           11
 ........................................................................................................................
   1    100.0       100.0       100.0       100.0       100.0       100.0       100.0       100.0       100.0       100.0    
        100.0    
   2    100.0       99.68       99.37       99.09       98.88       98.76       98.79       99.05       99.31       99.66    
        100.0    
   3    100.0       99.36       98.76       98.20       97.70       97.35       97.32       97.86       98.52       99.27    
        100.0    
   4    100.0       99.07       98.19       97.14       96.03       95.11       95.71       96.58       97.70       98.86    
        100.0    
   5    100.0       98.86       97.59       96.02       93.87       91.61       93.71       95.53       97.06       98.62    
        100.0    
   6    100.0       98.78       97.32       95.27       91.83       85.42       91.76       94.81       96.82       98.57    
        100.0    
   7    100.0       98.81       97.48       95.84       93.77       91.73       93.47       95.62       97.38       98.77    
        100.0    
   8    100.0       99.12       98.08       96.88       95.71       95.10       95.72       97.01       98.05       99.03    
        100.0    
   9    100.0       99.41       98.72       98.01       97.50       97.27       97.59       98.10       98.73       99.36    
        100.0    
  10    100.0       99.73       99.42       99.04       98.83       98.73       98.91       99.09       99.39       99.67    
        100.0    
  11    100.0       100.0       100.0       100.0       100.0       100.0       100.0       100.0       100.0       100.0    
        100.0    

 HEAD WILL BE SAVED ON UNIT 1016 AT END OF TIME STEP    1, STRESS PERIOD    1


  VOLUME BUDGET FOR ENTIRE MODEL AT END OF TIME STEP    1, STRESS PERIOD   1
  ---------------------------------------------------------------------------------------------------

     CUMULATIVE VOLUME      L**3       RATES FOR THIS TIME STEP      L**3/T          PACKAGE NAME    
     ------------------                 ------------------------                     ----------------

           IN:                                      IN:
           ---                                      ---
              STO-SS =           0.2201                STO-SS =           0.2201     STORAGE         
                 WEL =           0.0000                   WEL =           0.0000     WEL_0           
                 CHD =         299.7798                   CHD =         299.7798     CHD_0           

            TOTAL IN =         299.9999              TOTAL IN =         299.9999

          OUT:                                     OUT:
          ----                                     ----
              STO-SS =           0.0000                STO-SS =           0.0000     STORAGE         
                 WEL =         300.0000                   WEL =         300.0000     WEL_0           
                 CHD =           0.0000                   CHD =           0.0000     CHD_0           

           TOTAL OUT =         300.0000             TOTAL OUT =         300.0000

            IN - OUT =      -5.6242E-05              IN - OUT =      -5.6242E-05

 PERCENT DISCREPANCY =          -0.00     PERCENT DISCREPANCY =          -0.00




         TIME SUMMARY AT END OF TIME STEP    1 IN STRESS PERIOD    1
                    SECONDS     MINUTES      HOURS       DAYS        YEARS
                    -----------------------------------------------------------
   TIME STEP LENGTH  86400.      1440.0      24.000      1.0000     2.73785E-03
 STRESS PERIOD TIME  86400.      1440.0      24.000      1.0000     2.73785E-03
         TOTAL TIME  86400.      1440.0      24.000      1.0000     2.73785E-03


end timestep

